[92mINFO [0m:      Starting Flower SuperLink
[93mWARNING [0m:   Option `--insecure` was set. Starting insecure HTTP server with unencrypted communication (TLS disabled). Proceed only if you understand the risks.
[93mWARNING [0m:   SuperNode authentication is disabled. The SuperLink will accept connections from any SuperNode.
[92mINFO [0m:      Flower Deployment Runtime: Starting Control API on 127.0.0.1:9093
[92mINFO [0m:      Flower Deployment Runtime: Starting ServerAppIo API on 0.0.0.0:9091
[92mINFO [0m:      Flower Deployment Runtime: Starting Fleet API (gRPC-rere) on 0.0.0.0:9092
[92mINFO [0m:      Starting Flower SuperExec
[92mINFO [0m:      [Fleet.ActivateNode] Activated node_id=7564114910459219587
[92mINFO [0m:      [Fleet.PullMessages] node_id=7564114910459219587
[92mINFO [0m:      [Fleet.PullMessages] node_id=7564114910459219587
[92mINFO [0m:      [Fleet.ActivateNode] Activated node_id=13231466784940191391
[92mINFO [0m:      [Fleet.PullMessages] node_id=13231466784940191391
[92mINFO [0m:      [Fleet.PullMessages] node_id=7564114910459219587
[92mINFO [0m:      [Fleet.PullMessages] node_id=13231466784940191391
[92mINFO [0m:      [Fleet.PullMessages] node_id=7564114910459219587
[92mINFO [0m:      ControlServicer.StartRun
[92mINFO [0m:      Created serverapp run 17143463759599402565
[92mINFO [0m:      ControlServicer.StreamLogs
[92mINFO [0m:      [Fleet.PullMessages] node_id=13231466784940191391
[92mINFO [0m:      Started task 9234216388620073252 of run 17143463759599402565
[92mINFO [0m:      [Fleet.PullMessages] node_id=7564114910459219587
[92mINFO [0m:      [Fleet.PullMessages] node_id=13231466784940191391
[92mINFO [0m:      [Fleet.GetRun] Requesting `Run` for run_id=17143463759599402565
[92mINFO [0m:      [Fleet.GetFab] Requesting FAB for fab_hash=63e98d4258da326f071e5f49d78bbcde40c4ee81f870e2640a6aa4b930b94082
[92mINFO [0m:      [Fleet.PullMessages] node_id=7564114910459219587
[92mINFO [0m:      [Fleet.GetRun] Requesting `Run` for run_id=17143463759599402565
[92mINFO [0m:      [Fleet.GetFab] Requesting FAB for fab_hash=63e98d4258da326f071e5f49d78bbcde40c4ee81f870e2640a6aa4b930b94082
[92mINFO [0m:      [Fleet.PushMessages] Push replies from node_id=13231466784940191391
[92mINFO [0m:      [Fleet.PullMessages] node_id=13231466784940191391
[92mINFO [0m:      [Fleet.PullMessages] node_id=13231466784940191391
[92mINFO [0m:      [Fleet.PushMessages] Push replies from node_id=7564114910459219587
[92mINFO [0m:      [Fleet.PullMessages] node_id=7564114910459219587
[92mINFO [0m:      [Fleet.PullMessages] node_id=13231466784940191391
[92mINFO [0m:      [Fleet.PullMessages] node_id=7564114910459219587
[92mINFO [0m:      [Fleet.PushMessages] Push replies from node_id=13231466784940191391
[92mINFO [0m:      [Fleet.PullMessages] node_id=13231466784940191391
[92mINFO [0m:      [Fleet.PullMessages] node_id=13231466784940191391
[92mINFO [0m:      [Fleet.PushMessages] Push replies from node_id=7564114910459219587
[92mINFO [0m:      [Fleet.PullMessages] node_id=7564114910459219587
[92mINFO [0m:      [Fleet.PullMessages] node_id=13231466784940191391
[92mINFO [0m:      [Fleet.PullMessages] node_id=7564114910459219587
[92mINFO [0m:      [Fleet.PullMessages] node_id=13231466784940191391
[92mINFO [0m:      [Fleet.PushMessages] Push replies from node_id=13231466784940191391
[92mINFO [0m:      [Fleet.PullMessages] node_id=13231466784940191391
[92mINFO [0m:      [Fleet.PushMessages] Push replies from node_id=7564114910459219587
[92mINFO [0m:      [Fleet.PullMessages] node_id=7564114910459219587
[92mINFO [0m:      [Fleet.PullMessages] node_id=13231466784940191391
[92mINFO [0m:      [Fleet.PullMessages] node_id=7564114910459219587
[92mINFO [0m:      [Fleet.PushMessages] Push replies from node_id=13231466784940191391
[92mINFO [0m:      [Fleet.PullMessages] node_id=13231466784940191391
[92mINFO [0m:      [Fleet.PullMessages] node_id=13231466784940191391
[92mINFO [0m:      [Fleet.PushMessages] Push replies from node_id=7564114910459219587
[92mINFO [0m:      [Fleet.PullMessages] node_id=7564114910459219587
[92mINFO [0m:      [Fleet.PullMessages] node_id=13231466784940191391
[92mINFO [0m:      [Fleet.PullMessages] node_id=7564114910459219587
[92mINFO [0m:      [Fleet.PullMessages] node_id=13231466784940191391
[92mINFO [0m:      [Fleet.PushMessages] Push replies from node_id=13231466784940191391
[92mINFO [0m:      ControlServicer.StreamLogs
[92mINFO [0m:      [Fleet.PullMessages] node_id=13231466784940191391
[92mINFO [0m:      [Fleet.PushMessages] Push replies from node_id=7564114910459219587
[92mINFO [0m:      [Fleet.PullMessages] node_id=7564114910459219587
[92mINFO [0m:      [Fleet.PullMessages] node_id=13231466784940191391
[92mINFO [0m:      [Fleet.PullMessages] node_id=7564114910459219587
[92mINFO [0m:      [Fleet.PullMessages] node_id=13231466784940191391
[92mINFO [0m:      [Fleet.PushMessages] Push replies from node_id=13231466784940191391
[92mINFO [0m:      [Fleet.PullMessages] node_id=13231466784940191391
[92mINFO [0m:      [Fleet.PushMessages] Push replies from node_id=7564114910459219587
[92mINFO [0m:      [Fleet.PullMessages] node_id=7564114910459219587
[92mINFO [0m:      [Fleet.PullMessages] node_id=13231466784940191391
[92mINFO [0m:      [Fleet.PullMessages] node_id=7564114910459219587
[92mINFO [0m:      [Fleet.PullMessages] node_id=13231466784940191391
[92mINFO [0m:      [Fleet.PushMessages] Push replies from node_id=13231466784940191391
[92mINFO [0m:      [Fleet.PullMessages] node_id=13231466784940191391
[92mINFO [0m:      [Fleet.PushMessages] Push replies from node_id=7564114910459219587
[92mINFO [0m:      [Fleet.PullMessages] node_id=13231466784940191391
[92mINFO [0m:      [Fleet.PullMessages] node_id=7564114910459219587
[92mINFO [0m:      [Fleet.PullMessages] node_id=13231466784940191391
[92mINFO [0m:      [Fleet.PullMessages] node_id=7564114910459219587
[92mINFO [0m:      [Fleet.PushMessages] Push replies from node_id=13231466784940191391
[92mINFO [0m:      [Fleet.PullMessages] node_id=13231466784940191391
[92mINFO [0m:      [Fleet.PushMessages] Push replies from node_id=7564114910459219587
[92mINFO [0m:      [Fleet.PullMessages] node_id=13231466784940191391
[92mINFO [0m:      [Fleet.PullMessages] node_id=7564114910459219587
[92mINFO [0m:      Finished task 9234216388620073252 of run 17143463759599402565
[92mINFO [0m:      All logs for run ID `17143463759599402565` returned
[92mINFO [0m:      [Fleet.PullMessages] node_id=13231466784940191391
[92mINFO [0m:      [Fleet.PullMessages] node_id=7564114910459219587
[92mINFO [0m:      [Fleet.PullMessages] node_id=13231466784940191391
[92mINFO [0m:      [Fleet.PullMessages] node_id=7564114910459219587
[92mINFO [0m:      [Fleet.PullMessages] node_id=13231466784940191391
[92mINFO [0m:      [Fleet.PullMessages] node_id=7564114910459219587
[92mINFO [0m:      [Fleet.PullMessages] node_id=13231466784940191391
[92mINFO [0m:      [Fleet.PullMessages] node_id=7564114910459219587
[92mINFO [0m:      [Fleet.PullMessages] node_id=13231466784940191391
[92mINFO [0m:      [Fleet.PullMessages] node_id=7564114910459219587
[92mINFO [0m:      [Fleet.PullMessages] node_id=13231466784940191391
[92mINFO [0m:      [Fleet.PullMessages] node_id=7564114910459219587
[92mINFO [0m:      [Fleet.PullMessages] node_id=13231466784940191391
[92mINFO [0m:      [Fleet.PullMessages] node_id=7564114910459219587
[92mINFO [0m:      [Fleet.PullMessages] node_id=13231466784940191391
[92mINFO [0m:      [Fleet.PullMessages] node_id=7564114910459219587
[92mINFO [0m:      [Fleet.PullMessages] node_id=13231466784940191391
[92mINFO [0m:      [Fleet.PullMessages] node_id=7564114910459219587
[92mINFO [0m:      [Fleet.PullMessages] node_id=13231466784940191391
[92mINFO [0m:      [Fleet.PullMessages] node_id=7564114910459219587
[92mINFO [0m:      [Fleet.PullMessages] node_id=13231466784940191391
[92mINFO [0m:      [Fleet.PullMessages] node_id=7564114910459219587
[92mINFO [0m:      [Fleet.PullMessages] node_id=13231466784940191391
[92mINFO [0m:      [Fleet.PullMessages] node_id=7564114910459219587
[92mINFO [0m:      [Fleet.PullMessages] node_id=13231466784940191391
[92mINFO [0m:      [Fleet.PullMessages] node_id=7564114910459219587
[92mINFO [0m:      [Fleet.PullMessages] node_id=13231466784940191391
[92mINFO [0m:      [Fleet.PullMessages] node_id=7564114910459219587
[92mINFO [0m:      [Fleet.PullMessages] node_id=13231466784940191391
[92mINFO [0m:      [Fleet.PullMessages] node_id=7564114910459219587
[92mINFO [0m:      [Fleet.PullMessages] node_id=13231466784940191391
[92mINFO [0m:      [Fleet.PullMessages] node_id=7564114910459219587
[92mINFO [0m:      [Fleet.PullMessages] node_id=13231466784940191391
[92mINFO [0m:      [Fleet.PullMessages] node_id=7564114910459219587
[92mINFO [0m:      [Fleet.PullMessages] node_id=13231466784940191391
[92mINFO [0m:      [Fleet.PullMessages] node_id=7564114910459219587
[92mINFO [0m:      [Fleet.PullMessages] node_id=13231466784940191391
[92mINFO [0m:      [Fleet.PullMessages] node_id=7564114910459219587
[92mINFO [0m:      [Fleet.PullMessages] node_id=13231466784940191391
[92mINFO [0m:      [Fleet.PullMessages] node_id=7564114910459219587
[92mINFO [0m:      [Fleet.PullMessages] node_id=13231466784940191391
[92mINFO [0m:      [Fleet.PullMessages] node_id=7564114910459219587
[92mINFO [0m:      [Fleet.PullMessages] node_id=13231466784940191391
[92mINFO [0m:      [Fleet.PullMessages] node_id=7564114910459219587
[92mINFO [0m:      [Fleet.PullMessages] node_id=13231466784940191391
[92mINFO [0m:      [Fleet.PullMessages] node_id=7564114910459219587
[92mINFO [0m:      [Fleet.PullMessages] node_id=13231466784940191391
[92mINFO [0m:      [Fleet.PullMessages] node_id=7564114910459219587
[92mINFO [0m:      [Fleet.PullMessages] node_id=13231466784940191391
[92mINFO [0m:      [Fleet.PullMessages] node_id=7564114910459219587
[92mINFO [0m:      [Fleet.PullMessages] node_id=13231466784940191391
[92mINFO [0m:      [Fleet.PullMessages] node_id=7564114910459219587
[92mINFO [0m:      [Fleet.PullMessages] node_id=13231466784940191391
[92mINFO [0m:      [Fleet.PullMessages] node_id=7564114910459219587
[92mINFO [0m:      [Fleet.PullMessages] node_id=13231466784940191391
[92mINFO [0m:      [Fleet.PullMessages] node_id=7564114910459219587
[92mINFO [0m:      [Fleet.PullMessages] node_id=13231466784940191391
[92mINFO [0m:      [Fleet.PullMessages] node_id=7564114910459219587
[92mINFO [0m:      [Fleet.PullMessages] node_id=13231466784940191391
[92mINFO [0m:      [Fleet.PullMessages] node_id=7564114910459219587
[92mINFO [0m:      [Fleet.PullMessages] node_id=13231466784940191391
[92mINFO [0m:      [Fleet.PullMessages] node_id=7564114910459219587
[92mINFO [0m:      [Fleet.PullMessages] node_id=13231466784940191391
[92mINFO [0m:      [Fleet.PullMessages] node_id=7564114910459219587
[92mINFO [0m:      [Fleet.PullMessages] node_id=13231466784940191391
[92mINFO [0m:      [Fleet.PullMessages] node_id=13231466784940191391
[92mINFO [0m:      [Fleet.PullMessages] node_id=13231466784940191391
[92mINFO [0m:      [Fleet.PullMessages] node_id=13231466784940191391
[92mINFO [0m:      [Fleet.PullMessages] node_id=13231466784940191391
[92mINFO [0m:      [Fleet.PullMessages] node_id=13231466784940191391
[92mINFO [0m:      [Fleet.PullMessages] node_id=13231466784940191391
[92mINFO [0m:      [Fleet.PullMessages] node_id=13231466784940191391
[92mINFO [0m:      [Fleet.PullMessages] node_id=13231466784940191391
[92mINFO [0m:      [Fleet.PullMessages] node_id=13231466784940191391
[92mINFO [0m:      [Fleet.PullMessages] node_id=13231466784940191391
[92mINFO [0m:      [Fleet.PullMessages] node_id=13231466784940191391
[92mINFO [0m:      [Fleet.PullMessages] node_id=13231466784940191391
[92mINFO [0m:      [Fleet.PullMessages] node_id=13231466784940191391
[92mINFO [0m:      [Fleet.PullMessages] node_id=13231466784940191391
[92mINFO [0m:      [Fleet.PullMessages] node_id=13231466784940191391
[92mINFO [0m:      [Fleet.PullMessages] node_id=13231466784940191391
[92mINFO [0m:      [Fleet.PullMessages] node_id=13231466784940191391
[92mINFO [0m:      [Fleet.PullMessages] node_id=13231466784940191391
[92mINFO [0m:      [Fleet.PullMessages] node_id=13231466784940191391
[92mINFO [0m:      [Fleet.PullMessages] node_id=13231466784940191391
[92mINFO [0m:      [Fleet.PullMessages] node_id=13231466784940191391
[92mINFO [0m:      [Fleet.PullMessages] node_id=13231466784940191391
[92mINFO [0m:      [Fleet.PullMessages] node_id=13231466784940191391
[92mINFO [0m:      [Fleet.PullMessages] node_id=13231466784940191391
[92mINFO [0m:      [Fleet.PullMessages] node_id=13231466784940191391
[92mINFO [0m:      [Fleet.PullMessages] node_id=13231466784940191391
[92mINFO [0m:      [Fleet.PullMessages] node_id=13231466784940191391
[92mINFO [0m:      [Fleet.PullMessages] node_id=13231466784940191391
[92mINFO [0m:      [Fleet.PullMessages] node_id=13231466784940191391
[92mINFO [0m:      [Fleet.PullMessages] node_id=13231466784940191391
[92mINFO [0m:      [Fleet.PullMessages] node_id=13231466784940191391
[92mINFO [0m:      [Fleet.PullMessages] node_id=13231466784940191391
[92mINFO [0m:      [Fleet.PullMessages] node_id=13231466784940191391
[92mINFO [0m:      [Fleet.PullMessages] node_id=13231466784940191391
[92mINFO [0m:      [Fleet.PullMessages] node_id=13231466784940191391
[92mINFO [0m:      [Fleet.PullMessages] node_id=13231466784940191391
[92mINFO [0m:      [Fleet.PullMessages] node_id=13231466784940191391
[92mINFO [0m:      [Fleet.PullMessages] node_id=13231466784940191391
[92mINFO [0m:      [Fleet.PullMessages] node_id=13231466784940191391
[92mINFO [0m:      [Fleet.PullMessages] node_id=13231466784940191391
[92mINFO [0m:      [Fleet.PullMessages] node_id=13231466784940191391
[92mINFO [0m:      [Fleet.PullMessages] node_id=13231466784940191391
[92mINFO [0m:      [Fleet.PullMessages] node_id=13231466784940191391
[92mINFO [0m:      [Fleet.PullMessages] node_id=13231466784940191391
[92mINFO [0m:      [Fleet.PullMessages] node_id=13231466784940191391
[92mINFO [0m:      [Fleet.PullMessages] node_id=13231466784940191391
[92mINFO [0m:      [Fleet.PullMessages] node_id=13231466784940191391
[92mINFO [0m:      [Fleet.PullMessages] node_id=13231466784940191391
[92mINFO [0m:      [Fleet.PullMessages] node_id=13231466784940191391
[92mINFO [0m:      [Fleet.PullMessages] node_id=13231466784940191391
[92mINFO [0m:      [Fleet.PullMessages] node_id=13231466784940191391
[92mINFO [0m:      [Fleet.PullMessages] node_id=13231466784940191391
[92mINFO [0m:      [Fleet.PullMessages] node_id=13231466784940191391
[92mINFO [0m:      [Fleet.PullMessages] node_id=13231466784940191391
[92mINFO [0m:      [Fleet.PullMessages] node_id=13231466784940191391
[92mINFO [0m:      [Fleet.PullMessages] node_id=13231466784940191391
[92mINFO [0m:      [Fleet.PullMessages] node_id=13231466784940191391
[92mINFO [0m:      [Fleet.PullMessages] node_id=13231466784940191391
[92mINFO [0m:      [Fleet.PullMessages] node_id=13231466784940191391
[92mINFO [0m:      [Fleet.PullMessages] node_id=13231466784940191391
[92mINFO [0m:      [Fleet.PullMessages] node_id=13231466784940191391
[92mINFO [0m:      [Fleet.PullMessages] node_id=13231466784940191391
[92mINFO [0m:      [Fleet.PullMessages] node_id=13231466784940191391
[92mINFO [0m:      [Fleet.PullMessages] node_id=13231466784940191391
[92mINFO [0m:      [Fleet.PullMessages] node_id=13231466784940191391
[92mINFO [0m:      [Fleet.PullMessages] node_id=13231466784940191391
[92mINFO [0m:      [Fleet.PullMessages] node_id=13231466784940191391
[92mINFO [0m:      [Fleet.PullMessages] node_id=13231466784940191391
[92mINFO [0m:      [Fleet.PullMessages] node_id=13231466784940191391
[92mINFO [0m:      [Fleet.PullMessages] node_id=13231466784940191391
[92mINFO [0m:      [Fleet.PullMessages] node_id=13231466784940191391
[92mINFO [0m:      [Fleet.PullMessages] node_id=13231466784940191391
[92mINFO [0m:      [Fleet.PullMessages] node_id=13231466784940191391
[92mINFO [0m:      [Fleet.PullMessages] node_id=13231466784940191391
[92mINFO [0m:      [Fleet.PullMessages] node_id=13231466784940191391
[92mINFO [0m:      [Fleet.PullMessages] node_id=13231466784940191391
[92mINFO [0m:      [Fleet.PullMessages] node_id=13231466784940191391
[92mINFO [0m:      [Fleet.PullMessages] node_id=13231466784940191391
[92mINFO [0m:      [Fleet.PullMessages] node_id=13231466784940191391
[92mINFO [0m:      [Fleet.PullMessages] node_id=13231466784940191391
[92mINFO [0m:      [Fleet.PullMessages] node_id=13231466784940191391
[92mINFO [0m:      [Fleet.PullMessages] node_id=13231466784940191391
[92mINFO [0m:      [Fleet.PullMessages] node_id=13231466784940191391
[92mINFO [0m:      [Fleet.PullMessages] node_id=13231466784940191391
[92mINFO [0m:      [Fleet.PullMessages] node_id=13231466784940191391
[92mINFO [0m:      [Fleet.PullMessages] node_id=13231466784940191391
[92mINFO [0m:      [Fleet.PullMessages] node_id=13231466784940191391
[92mINFO [0m:      [Fleet.PullMessages] node_id=13231466784940191391
[92mINFO [0m:      [Fleet.PullMessages] node_id=13231466784940191391
[92mINFO [0m:      [Fleet.PullMessages] node_id=13231466784940191391
[92mINFO [0m:      [Fleet.PullMessages] node_id=13231466784940191391
[92mINFO [0m:      [Fleet.PullMessages] node_id=13231466784940191391
[92mINFO [0m:      [Fleet.PullMessages] node_id=13231466784940191391
[92mINFO [0m:      [Fleet.PullMessages] node_id=13231466784940191391
[92mINFO [0m:      [Fleet.PullMessages] node_id=13231466784940191391
[92mINFO [0m:      [Fleet.PullMessages] node_id=13231466784940191391
[92mINFO [0m:      [Fleet.PullMessages] node_id=13231466784940191391
[92mINFO [0m:      [Fleet.PullMessages] node_id=13231466784940191391
[92mINFO [0m:      [Fleet.PullMessages] node_id=13231466784940191391
[92mINFO [0m:      [Fleet.PullMessages] node_id=13231466784940191391
[92mINFO [0m:      [Fleet.PullMessages] node_id=13231466784940191391
[92mINFO [0m:      [Fleet.PullMessages] node_id=13231466784940191391
[92mINFO [0m:      [Fleet.PullMessages] node_id=13231466784940191391
[92mINFO [0m:      [Fleet.PullMessages] node_id=13231466784940191391
[92mINFO [0m:      [Fleet.PullMessages] node_id=13231466784940191391
[92mINFO [0m:      [Fleet.PullMessages] node_id=13231466784940191391
[92mINFO [0m:      [Fleet.PullMessages] node_id=13231466784940191391
[92mINFO [0m:      [Fleet.PullMessages] node_id=13231466784940191391
[92mINFO [0m:      [Fleet.PullMessages] node_id=13231466784940191391
[92mINFO [0m:      [Fleet.PullMessages] node_id=13231466784940191391
[92mINFO [0m:      [Fleet.PullMessages] node_id=13231466784940191391
[92mINFO [0m:      [Fleet.PullMessages] node_id=13231466784940191391
[92mINFO [0m:      [Fleet.PullMessages] node_id=13231466784940191391
[92mINFO [0m:      [Fleet.PullMessages] node_id=13231466784940191391
[92mINFO [0m:      [Fleet.PullMessages] node_id=13231466784940191391
[92mINFO [0m:      [Fleet.PullMessages] node_id=13231466784940191391
[92mINFO [0m:      [Fleet.PullMessages] node_id=13231466784940191391
[92mINFO [0m:      [Fleet.PullMessages] node_id=13231466784940191391
[92mINFO [0m:      [Fleet.PullMessages] node_id=13231466784940191391
[92mINFO [0m:      [Fleet.PullMessages] node_id=13231466784940191391
[92mINFO [0m:      [Fleet.PullMessages] node_id=13231466784940191391
[92mINFO [0m:      [Fleet.PullMessages] node_id=13231466784940191391
[92mINFO [0m:      [Fleet.PullMessages] node_id=13231466784940191391
[92mINFO [0m:      [Fleet.PullMessages] node_id=13231466784940191391
[92mINFO [0m:      [Fleet.PullMessages] node_id=13231466784940191391
[92mINFO [0m:      [Fleet.PullMessages] node_id=13231466784940191391
[92mINFO [0m:      [Fleet.PullMessages] node_id=13231466784940191391
[92mINFO [0m:      [Fleet.PullMessages] node_id=13231466784940191391
[92mINFO [0m:      [Fleet.PullMessages] node_id=13231466784940191391
[92mINFO [0m:      [Fleet.PullMessages] node_id=13231466784940191391
[92mINFO [0m:      [Fleet.PullMessages] node_id=13231466784940191391
[92mINFO [0m:      [Fleet.PullMessages] node_id=13231466784940191391
[92mINFO [0m:      [Fleet.PullMessages] node_id=13231466784940191391
[92mINFO [0m:      [Fleet.PullMessages] node_id=13231466784940191391
[92mINFO [0m:      [Fleet.PullMessages] node_id=13231466784940191391
[92mINFO [0m:      [Fleet.PullMessages] node_id=13231466784940191391
[92mINFO [0m:      [Fleet.PullMessages] node_id=13231466784940191391
[92mINFO [0m:      [Fleet.PullMessages] node_id=13231466784940191391
[92mINFO [0m:      [Fleet.PullMessages] node_id=13231466784940191391
[92mINFO [0m:      [Fleet.PullMessages] node_id=13231466784940191391
[92mINFO [0m:      [Fleet.PullMessages] node_id=13231466784940191391
[92mINFO [0m:      [Fleet.PullMessages] node_id=13231466784940191391
[92mINFO [0m:      [Fleet.PullMessages] node_id=13231466784940191391
[92mINFO [0m:      [Fleet.PullMessages] node_id=13231466784940191391
[92mINFO [0m:      [Fleet.PullMessages] node_id=13231466784940191391
[92mINFO [0m:      [Fleet.PullMessages] node_id=13231466784940191391
[92mINFO [0m:      [Fleet.PullMessages] node_id=13231466784940191391
[92mINFO [0m:      [Fleet.PullMessages] node_id=13231466784940191391
[92mINFO [0m:      [Fleet.PullMessages] node_id=13231466784940191391
[92mINFO [0m:      [Fleet.PullMessages] node_id=13231466784940191391
[92mINFO [0m:      [Fleet.PullMessages] node_id=13231466784940191391
[92mINFO [0m:      [Fleet.PullMessages] node_id=13231466784940191391
[92mINFO [0m:      [Fleet.PullMessages] node_id=13231466784940191391
[92mINFO [0m:      [Fleet.PullMessages] node_id=13231466784940191391
[92mINFO [0m:      [Fleet.PullMessages] node_id=13231466784940191391
[92mINFO [0m:      [Fleet.PullMessages] node_id=13231466784940191391
[92mINFO [0m:      [Fleet.PullMessages] node_id=13231466784940191391
[92mINFO [0m:      [Fleet.PullMessages] node_id=13231466784940191391
[92mINFO [0m:      [Fleet.PullMessages] node_id=13231466784940191391
[92mINFO [0m:      [Fleet.PullMessages] node_id=13231466784940191391
[92mINFO [0m:      [Fleet.PullMessages] node_id=13231466784940191391
[92mINFO [0m:      [Fleet.PullMessages] node_id=13231466784940191391
[92mINFO [0m:      [Fleet.PullMessages] node_id=13231466784940191391
[92mINFO [0m:      [Fleet.PullMessages] node_id=13231466784940191391
[92mINFO [0m:      [Fleet.PullMessages] node_id=13231466784940191391
[92mINFO [0m:      [Fleet.PullMessages] node_id=13231466784940191391
[92mINFO [0m:      [Fleet.PullMessages] node_id=13231466784940191391
[92mINFO [0m:      [Fleet.PullMessages] node_id=13231466784940191391
[92mINFO [0m:      [Fleet.PullMessages] node_id=13231466784940191391
[92mINFO [0m:      [Fleet.PullMessages] node_id=13231466784940191391
[92mINFO [0m:      [Fleet.PullMessages] node_id=13231466784940191391
[92mINFO [0m:      [Fleet.PullMessages] node_id=13231466784940191391
[92mINFO [0m:      [Fleet.PullMessages] node_id=13231466784940191391
[92mINFO [0m:      [Fleet.PullMessages] node_id=13231466784940191391
[92mINFO [0m:      [Fleet.PullMessages] node_id=13231466784940191391
[92mINFO [0m:      [Fleet.PullMessages] node_id=13231466784940191391
[92mINFO [0m:      [Fleet.PullMessages] node_id=13231466784940191391
[92mINFO [0m:      [Fleet.PullMessages] node_id=13231466784940191391
[92mINFO [0m:      [Fleet.PullMessages] node_id=13231466784940191391
[92mINFO [0m:      [Fleet.PullMessages] node_id=13231466784940191391
[92mINFO [0m:      [Fleet.PullMessages] node_id=13231466784940191391
[92mINFO [0m:      [Fleet.PullMessages] node_id=13231466784940191391
[92mINFO [0m:      [Fleet.PullMessages] node_id=13231466784940191391
[92mINFO [0m:      [Fleet.PullMessages] node_id=13231466784940191391
[92mINFO [0m:      [Fleet.PullMessages] node_id=13231466784940191391
[92mINFO [0m:      [Fleet.PullMessages] node_id=13231466784940191391
[92mINFO [0m:      [Fleet.PullMessages] node_id=13231466784940191391
[92mINFO [0m:      [Fleet.PullMessages] node_id=13231466784940191391
[92mINFO [0m:      [Fleet.PullMessages] node_id=13231466784940191391
[92mINFO [0m:      [Fleet.PullMessages] node_id=13231466784940191391
[92mINFO [0m:      [Fleet.PullMessages] node_id=13231466784940191391
[92mINFO [0m:      [Fleet.PullMessages] node_id=13231466784940191391
[92mINFO [0m:      [Fleet.PullMessages] node_id=13231466784940191391
[92mINFO [0m:      [Fleet.PullMessages] node_id=13231466784940191391
[92mINFO [0m:      [Fleet.PullMessages] node_id=13231466784940191391
[92mINFO [0m:      [Fleet.PullMessages] node_id=13231466784940191391
[92mINFO [0m:      [Fleet.PullMessages] node_id=13231466784940191391
[92mINFO [0m:      [Fleet.PullMessages] node_id=13231466784940191391
[92mINFO [0m:      [Fleet.PullMessages] node_id=13231466784940191391
[92mINFO [0m:      [Fleet.PullMessages] node_id=13231466784940191391
[92mINFO [0m:      [Fleet.PullMessages] node_id=13231466784940191391
[92mINFO [0m:      [Fleet.PullMessages] node_id=13231466784940191391
[92mINFO [0m:      [Fleet.PullMessages] node_id=13231466784940191391
[92mINFO [0m:      [Fleet.PullMessages] node_id=13231466784940191391
[92mINFO [0m:      [Fleet.PullMessages] node_id=13231466784940191391
[92mINFO [0m:      [Fleet.PullMessages] node_id=13231466784940191391
[92mINFO [0m:      [Fleet.PullMessages] node_id=13231466784940191391
[92mINFO [0m:      [Fleet.PullMessages] node_id=13231466784940191391
[92mINFO [0m:      [Fleet.PullMessages] node_id=13231466784940191391
[92mINFO [0m:      [Fleet.PullMessages] node_id=13231466784940191391
[92mINFO [0m:      [Fleet.PullMessages] node_id=13231466784940191391
[92mINFO [0m:      [Fleet.PullMessages] node_id=13231466784940191391
[92mINFO [0m:      [Fleet.PullMessages] node_id=13231466784940191391
[92mINFO [0m:      [Fleet.PullMessages] node_id=13231466784940191391
[92mINFO [0m:      [Fleet.PullMessages] node_id=13231466784940191391
[92mINFO [0m:      [Fleet.PullMessages] node_id=13231466784940191391
[92mINFO [0m:      [Fleet.PullMessages] node_id=13231466784940191391
[92mINFO [0m:      [Fleet.PullMessages] node_id=13231466784940191391
[92mINFO [0m:      [Fleet.PullMessages] node_id=13231466784940191391
[92mINFO [0m:      [Fleet.PullMessages] node_id=13231466784940191391
[92mINFO [0m:      [Fleet.PullMessages] node_id=13231466784940191391
[92mINFO [0m:      [Fleet.PullMessages] node_id=13231466784940191391
[92mINFO [0m:      [Fleet.PullMessages] node_id=13231466784940191391
[92mINFO [0m:      [Fleet.PullMessages] node_id=13231466784940191391
[92mINFO [0m:      [Fleet.PullMessages] node_id=13231466784940191391
[92mINFO [0m:      [Fleet.PullMessages] node_id=13231466784940191391
[92mINFO [0m:      [Fleet.PullMessages] node_id=13231466784940191391
[92mINFO [0m:      [Fleet.PullMessages] node_id=13231466784940191391
[92mINFO [0m:      [Fleet.PullMessages] node_id=13231466784940191391
[92mINFO [0m:      [Fleet.PullMessages] node_id=13231466784940191391
[92mINFO [0m:      [Fleet.PullMessages] node_id=13231466784940191391
[92mINFO [0m:      [Fleet.PullMessages] node_id=13231466784940191391
[92mINFO [0m:      [Fleet.PullMessages] node_id=13231466784940191391
[92mINFO [0m:      [Fleet.PullMessages] node_id=13231466784940191391
[92mINFO [0m:      [Fleet.PullMessages] node_id=13231466784940191391
[92mINFO [0m:      [Fleet.PullMessages] node_id=13231466784940191391
[92mINFO [0m:      [Fleet.PullMessages] node_id=13231466784940191391
[92mINFO [0m:      [Fleet.PullMessages] node_id=13231466784940191391
[92mINFO [0m:      [Fleet.PullMessages] node_id=13231466784940191391
[92mINFO [0m:      [Fleet.PullMessages] node_id=13231466784940191391
[92mINFO [0m:      [Fleet.PullMessages] node_id=13231466784940191391
[92mINFO [0m:      [Fleet.PullMessages] node_id=13231466784940191391
[92mINFO [0m:      [Fleet.PullMessages] node_id=13231466784940191391
[92mINFO [0m:      [Fleet.PullMessages] node_id=13231466784940191391
[92mINFO [0m:      [Fleet.PullMessages] node_id=13231466784940191391
[92mINFO [0m:      [Fleet.PullMessages] node_id=13231466784940191391
[92mINFO [0m:      [Fleet.PullMessages] node_id=13231466784940191391
[92mINFO [0m:      [Fleet.PullMessages] node_id=13231466784940191391
[92mINFO [0m:      [Fleet.PullMessages] node_id=13231466784940191391
[92mINFO [0m:      [Fleet.PullMessages] node_id=13231466784940191391
[92mINFO [0m:      [Fleet.PullMessages] node_id=13231466784940191391
[92mINFO [0m:      [Fleet.PullMessages] node_id=13231466784940191391
[92mINFO [0m:      [Fleet.PullMessages] node_id=13231466784940191391
[92mINFO [0m:      [Fleet.PullMessages] node_id=13231466784940191391
[92mINFO [0m:      [Fleet.PullMessages] node_id=13231466784940191391
[92mINFO [0m:      [Fleet.PullMessages] node_id=13231466784940191391
[92mINFO [0m:      [Fleet.PullMessages] node_id=13231466784940191391
[92mINFO [0m:      [Fleet.PullMessages] node_id=13231466784940191391
[92mINFO [0m:      [Fleet.PullMessages] node_id=13231466784940191391
[92mINFO [0m:      [Fleet.PullMessages] node_id=13231466784940191391
[92mINFO [0m:      [Fleet.PullMessages] node_id=13231466784940191391
[92mINFO [0m:      [Fleet.PullMessages] node_id=13231466784940191391
[92mINFO [0m:      [Fleet.PullMessages] node_id=13231466784940191391
[92mINFO [0m:      [Fleet.PullMessages] node_id=13231466784940191391
[92mINFO [0m:      [Fleet.PullMessages] node_id=13231466784940191391
[92mINFO [0m:      [Fleet.PullMessages] node_id=13231466784940191391
[92mINFO [0m:      [Fleet.PullMessages] node_id=13231466784940191391
[92mINFO [0m:      [Fleet.PullMessages] node_id=13231466784940191391
[92mINFO [0m:      [Fleet.PullMessages] node_id=13231466784940191391
[92mINFO [0m:      [Fleet.PullMessages] node_id=13231466784940191391
[92mINFO [0m:      [Fleet.PullMessages] node_id=13231466784940191391
[92mINFO [0m:      [Fleet.PullMessages] node_id=13231466784940191391
[92mINFO [0m:      [Fleet.PullMessages] node_id=13231466784940191391
[92mINFO [0m:      [Fleet.PullMessages] node_id=13231466784940191391
[92mINFO [0m:      [Fleet.PullMessages] node_id=13231466784940191391
[92mINFO [0m:      [Fleet.PullMessages] node_id=13231466784940191391
[92mINFO [0m:      [Fleet.PullMessages] node_id=13231466784940191391
[92mINFO [0m:      [Fleet.PullMessages] node_id=13231466784940191391
[92mINFO [0m:      [Fleet.PullMessages] node_id=13231466784940191391
[92mINFO [0m:      [Fleet.PullMessages] node_id=13231466784940191391
[92mINFO [0m:      [Fleet.PullMessages] node_id=13231466784940191391
[92mINFO [0m:      [Fleet.PullMessages] node_id=13231466784940191391
[92mINFO [0m:      [Fleet.PullMessages] node_id=13231466784940191391
[92mINFO [0m:      [Fleet.PullMessages] node_id=13231466784940191391
[92mINFO [0m:      [Fleet.PullMessages] node_id=13231466784940191391
[92mINFO [0m:      [Fleet.PullMessages] node_id=13231466784940191391
[92mINFO [0m:      [Fleet.PullMessages] node_id=13231466784940191391
[92mINFO [0m:      [Fleet.PullMessages] node_id=13231466784940191391
[92mINFO [0m:      [Fleet.PullMessages] node_id=13231466784940191391
[92mINFO [0m:      [Fleet.PullMessages] node_id=13231466784940191391
[92mINFO [0m:      [Fleet.PullMessages] node_id=13231466784940191391
[92mINFO [0m:      [Fleet.PullMessages] node_id=13231466784940191391
[92mINFO [0m:      [Fleet.PullMessages] node_id=13231466784940191391
[92mINFO [0m:      [Fleet.PullMessages] node_id=13231466784940191391
[92mINFO [0m:      [Fleet.PullMessages] node_id=13231466784940191391
[92mINFO [0m:      [Fleet.PullMessages] node_id=13231466784940191391
[92mINFO [0m:      [Fleet.PullMessages] node_id=13231466784940191391
[92mINFO [0m:      [Fleet.PullMessages] node_id=13231466784940191391
[92mINFO [0m:      [Fleet.PullMessages] node_id=13231466784940191391
[92mINFO [0m:      [Fleet.PullMessages] node_id=13231466784940191391
[92mINFO [0m:      [Fleet.PullMessages] node_id=13231466784940191391
[92mINFO [0m:      [Fleet.PullMessages] node_id=13231466784940191391
[92mINFO [0m:      [Fleet.PullMessages] node_id=13231466784940191391
[92mINFO [0m:      [Fleet.PullMessages] node_id=13231466784940191391
[92mINFO [0m:      [Fleet.PullMessages] node_id=13231466784940191391
[92mINFO [0m:      [Fleet.PullMessages] node_id=13231466784940191391
[92mINFO [0m:      [Fleet.PullMessages] node_id=13231466784940191391
[92mINFO [0m:      [Fleet.PullMessages] node_id=13231466784940191391
[92mINFO [0m:      [Fleet.PullMessages] node_id=13231466784940191391
[92mINFO [0m:      [Fleet.PullMessages] node_id=13231466784940191391
[92mINFO [0m:      [Fleet.PullMessages] node_id=13231466784940191391
[92mINFO [0m:      [Fleet.PullMessages] node_id=13231466784940191391
[92mINFO [0m:      [Fleet.PullMessages] node_id=13231466784940191391
[92mINFO [0m:      [Fleet.PullMessages] node_id=13231466784940191391
[92mINFO [0m:      [Fleet.PullMessages] node_id=13231466784940191391
[92mINFO [0m:      [Fleet.PullMessages] node_id=13231466784940191391
[92mINFO [0m:      [Fleet.PullMessages] node_id=13231466784940191391
[92mINFO [0m:      [Fleet.PullMessages] node_id=13231466784940191391
[92mINFO [0m:      [Fleet.PullMessages] node_id=13231466784940191391
[92mINFO [0m:      [Fleet.PullMessages] node_id=13231466784940191391
[92mINFO [0m:      [Fleet.PullMessages] node_id=13231466784940191391
[92mINFO [0m:      [Fleet.PullMessages] node_id=13231466784940191391
[92mINFO [0m:      [Fleet.PullMessages] node_id=13231466784940191391
[92mINFO [0m:      [Fleet.PullMessages] node_id=13231466784940191391
[92mINFO [0m:      [Fleet.PullMessages] node_id=13231466784940191391
[92mINFO [0m:      [Fleet.PullMessages] node_id=13231466784940191391
[92mINFO [0m:      [Fleet.PullMessages] node_id=13231466784940191391
[92mINFO [0m:      [Fleet.PullMessages] node_id=13231466784940191391
[92mINFO [0m:      [Fleet.PullMessages] node_id=13231466784940191391
[92mINFO [0m:      [Fleet.PullMessages] node_id=13231466784940191391
[92mINFO [0m:      [Fleet.PullMessages] node_id=13231466784940191391
[92mINFO [0m:      [Fleet.PullMessages] node_id=13231466784940191391
[92mINFO [0m:      [Fleet.PullMessages] node_id=13231466784940191391
[92mINFO [0m:      [Fleet.PullMessages] node_id=13231466784940191391
[92mINFO [0m:      [Fleet.PullMessages] node_id=13231466784940191391
[92mINFO [0m:      [Fleet.PullMessages] node_id=13231466784940191391
[92mINFO [0m:      [Fleet.PullMessages] node_id=13231466784940191391
[92mINFO [0m:      [Fleet.PullMessages] node_id=13231466784940191391
[92mINFO [0m:      [Fleet.PullMessages] node_id=13231466784940191391
[92mINFO [0m:      [Fleet.PullMessages] node_id=13231466784940191391
[92mINFO [0m:      [Fleet.PullMessages] node_id=13231466784940191391
[92mINFO [0m:      [Fleet.PullMessages] node_id=13231466784940191391
[92mINFO [0m:      [Fleet.PullMessages] node_id=13231466784940191391
[92mINFO [0m:      [Fleet.PullMessages] node_id=13231466784940191391
[92mINFO [0m:      [Fleet.PullMessages] node_id=13231466784940191391
[92mINFO [0m:      [Fleet.PullMessages] node_id=13231466784940191391
[92mINFO [0m:      [Fleet.PullMessages] node_id=13231466784940191391
[92mINFO [0m:      [Fleet.PullMessages] node_id=13231466784940191391
[92mINFO [0m:      [Fleet.PullMessages] node_id=13231466784940191391
[92mINFO [0m:      [Fleet.PullMessages] node_id=13231466784940191391
[92mINFO [0m:      [Fleet.PullMessages] node_id=13231466784940191391
[92mINFO [0m:      [Fleet.PullMessages] node_id=13231466784940191391
[92mINFO [0m:      [Fleet.PullMessages] node_id=13231466784940191391
[92mINFO [0m:      [Fleet.PullMessages] node_id=13231466784940191391
[92mINFO [0m:      [Fleet.PullMessages] node_id=13231466784940191391
[92mINFO [0m:      [Fleet.PullMessages] node_id=13231466784940191391
[92mINFO [0m:      [Fleet.PullMessages] node_id=13231466784940191391
[92mINFO [0m:      [Fleet.PullMessages] node_id=13231466784940191391
[92mINFO [0m:      [Fleet.PullMessages] node_id=13231466784940191391
[92mINFO [0m:      [Fleet.PullMessages] node_id=13231466784940191391
[92mINFO [0m:      [Fleet.PullMessages] node_id=13231466784940191391
[92mINFO [0m:      [Fleet.PullMessages] node_id=13231466784940191391
[92mINFO [0m:      [Fleet.PullMessages] node_id=13231466784940191391
[92mINFO [0m:      [Fleet.PullMessages] node_id=13231466784940191391
[92mINFO [0m:      [Fleet.PullMessages] node_id=13231466784940191391
[92mINFO [0m:      [Fleet.PullMessages] node_id=13231466784940191391
[92mINFO [0m:      [Fleet.PullMessages] node_id=13231466784940191391
[92mINFO [0m:      [Fleet.PullMessages] node_id=13231466784940191391
[92mINFO [0m:      [Fleet.PullMessages] node_id=13231466784940191391
[92mINFO [0m:      [Fleet.PullMessages] node_id=13231466784940191391
[92mINFO [0m:      [Fleet.PullMessages] node_id=13231466784940191391
[92mINFO [0m:      [Fleet.PullMessages] node_id=13231466784940191391
[92mINFO [0m:      [Fleet.PullMessages] node_id=13231466784940191391
[92mINFO [0m:      [Fleet.PullMessages] node_id=13231466784940191391
[92mINFO [0m:      [Fleet.PullMessages] node_id=13231466784940191391
[92mINFO [0m:      [Fleet.PullMessages] node_id=13231466784940191391
[92mINFO [0m:      [Fleet.PullMessages] node_id=13231466784940191391
[92mINFO [0m:      [Fleet.PullMessages] node_id=13231466784940191391
[92mINFO [0m:      [Fleet.PullMessages] node_id=13231466784940191391
[92mINFO [0m:      [Fleet.PullMessages] node_id=13231466784940191391
[92mINFO [0m:      [Fleet.PullMessages] node_id=13231466784940191391
[92mINFO [0m:      [Fleet.PullMessages] node_id=13231466784940191391
[92mINFO [0m:      [Fleet.PullMessages] node_id=13231466784940191391
[92mINFO [0m:      [Fleet.PullMessages] node_id=13231466784940191391
[92mINFO [0m:      [Fleet.PullMessages] node_id=13231466784940191391
[92mINFO [0m:      [Fleet.PullMessages] node_id=13231466784940191391
[92mINFO [0m:      [Fleet.PullMessages] node_id=13231466784940191391
[92mINFO [0m:      [Fleet.PullMessages] node_id=13231466784940191391
[92mINFO [0m:      [Fleet.PullMessages] node_id=13231466784940191391
[92mINFO [0m:      [Fleet.PullMessages] node_id=13231466784940191391
[92mINFO [0m:      [Fleet.PullMessages] node_id=13231466784940191391
[92mINFO [0m:      [Fleet.PullMessages] node_id=13231466784940191391
[92mINFO [0m:      [Fleet.PullMessages] node_id=13231466784940191391
[92mINFO [0m:      [Fleet.PullMessages] node_id=13231466784940191391
[92mINFO [0m:      [Fleet.PullMessages] node_id=13231466784940191391
[92mINFO [0m:      [Fleet.PullMessages] node_id=13231466784940191391
[92mINFO [0m:      [Fleet.PullMessages] node_id=13231466784940191391
[92mINFO [0m:      [Fleet.PullMessages] node_id=13231466784940191391
[92mINFO [0m:      [Fleet.PullMessages] node_id=13231466784940191391
[92mINFO [0m:      [Fleet.PullMessages] node_id=13231466784940191391
[92mINFO [0m:      [Fleet.PullMessages] node_id=13231466784940191391
[92mINFO [0m:      [Fleet.PullMessages] node_id=13231466784940191391
[92mINFO [0m:      [Fleet.PullMessages] node_id=13231466784940191391
[92mINFO [0m:      [Fleet.PullMessages] node_id=13231466784940191391
[92mINFO [0m:      [Fleet.PullMessages] node_id=13231466784940191391
[92mINFO [0m:      [Fleet.PullMessages] node_id=13231466784940191391
[92mINFO [0m:      [Fleet.PullMessages] node_id=13231466784940191391
[92mINFO [0m:      [Fleet.PullMessages] node_id=13231466784940191391
[92mINFO [0m:      [Fleet.PullMessages] node_id=13231466784940191391
[92mINFO [0m:      [Fleet.PullMessages] node_id=13231466784940191391
[92mINFO [0m:      [Fleet.PullMessages] node_id=13231466784940191391
[92mINFO [0m:      [Fleet.PullMessages] node_id=13231466784940191391
[92mINFO [0m:      [Fleet.PullMessages] node_id=13231466784940191391
[92mINFO [0m:      [Fleet.PullMessages] node_id=13231466784940191391
[92mINFO [0m:      [Fleet.PullMessages] node_id=13231466784940191391
[92mINFO [0m:      [Fleet.PullMessages] node_id=13231466784940191391
[92mINFO [0m:      [Fleet.PullMessages] node_id=13231466784940191391
[92mINFO [0m:      [Fleet.PullMessages] node_id=13231466784940191391
[92mINFO [0m:      [Fleet.PullMessages] node_id=13231466784940191391
[92mINFO [0m:      [Fleet.PullMessages] node_id=13231466784940191391
[92mINFO [0m:      [Fleet.PullMessages] node_id=13231466784940191391
[92mINFO [0m:      [Fleet.PullMessages] node_id=13231466784940191391
[92mINFO [0m:      [Fleet.PullMessages] node_id=13231466784940191391
[92mINFO [0m:      [Fleet.PullMessages] node_id=13231466784940191391
[92mINFO [0m:      [Fleet.PullMessages] node_id=13231466784940191391
[92mINFO [0m:      [Fleet.PullMessages] node_id=13231466784940191391
[92mINFO [0m:      [Fleet.PullMessages] node_id=13231466784940191391
[92mINFO [0m:      [Fleet.PullMessages] node_id=13231466784940191391
[92mINFO [0m:      [Fleet.PullMessages] node_id=13231466784940191391
[92mINFO [0m:      [Fleet.PullMessages] node_id=13231466784940191391
[92mINFO [0m:      [Fleet.PullMessages] node_id=13231466784940191391
[92mINFO [0m:      [Fleet.PullMessages] node_id=13231466784940191391
[92mINFO [0m:      [Fleet.PullMessages] node_id=13231466784940191391
[92mINFO [0m:      [Fleet.PullMessages] node_id=13231466784940191391
[92mINFO [0m:      [Fleet.PullMessages] node_id=13231466784940191391
[92mINFO [0m:      [Fleet.PullMessages] node_id=13231466784940191391
[92mINFO [0m:      [Fleet.PullMessages] node_id=13231466784940191391
[92mINFO [0m:      [Fleet.PullMessages] node_id=13231466784940191391
[92mINFO [0m:      [Fleet.PullMessages] node_id=13231466784940191391
[92mINFO [0m:      [Fleet.PullMessages] node_id=13231466784940191391
[92mINFO [0m:      [Fleet.PullMessages] node_id=13231466784940191391
[92mINFO [0m:      [Fleet.PullMessages] node_id=13231466784940191391
[92mINFO [0m:      [Fleet.PullMessages] node_id=13231466784940191391
[92mINFO [0m:      [Fleet.PullMessages] node_id=13231466784940191391
[92mINFO [0m:      [Fleet.PullMessages] node_id=13231466784940191391
[92mINFO [0m:      [Fleet.PullMessages] node_id=13231466784940191391
[92mINFO [0m:      [Fleet.PullMessages] node_id=13231466784940191391
[92mINFO [0m:      [Fleet.PullMessages] node_id=13231466784940191391
[92mINFO [0m:      [Fleet.PullMessages] node_id=13231466784940191391
[92mINFO [0m:      [Fleet.PullMessages] node_id=13231466784940191391
[92mINFO [0m:      [Fleet.PullMessages] node_id=13231466784940191391
[92mINFO [0m:      [Fleet.PullMessages] node_id=13231466784940191391
[92mINFO [0m:      [Fleet.PullMessages] node_id=13231466784940191391
[92mINFO [0m:      [Fleet.PullMessages] node_id=13231466784940191391
[92mINFO [0m:      [Fleet.PullMessages] node_id=13231466784940191391
[92mINFO [0m:      [Fleet.PullMessages] node_id=13231466784940191391
[92mINFO [0m:      [Fleet.PullMessages] node_id=13231466784940191391
[92mINFO [0m:      [Fleet.PullMessages] node_id=13231466784940191391
[92mINFO [0m:      [Fleet.PullMessages] node_id=13231466784940191391
[92mINFO [0m:      [Fleet.PullMessages] node_id=13231466784940191391
[92mINFO [0m:      [Fleet.PullMessages] node_id=13231466784940191391
[92mINFO [0m:      [Fleet.PullMessages] node_id=13231466784940191391
[92mINFO [0m:      [Fleet.PullMessages] node_id=13231466784940191391
[92mINFO [0m:      [Fleet.PullMessages] node_id=13231466784940191391
[92mINFO [0m:      [Fleet.PullMessages] node_id=13231466784940191391
[92mINFO [0m:      [Fleet.PullMessages] node_id=13231466784940191391
[92mINFO [0m:      [Fleet.PullMessages] node_id=13231466784940191391
[92mINFO [0m:      [Fleet.PullMessages] node_id=13231466784940191391
[92mINFO [0m:      [Fleet.PullMessages] node_id=13231466784940191391
[92mINFO [0m:      [Fleet.PullMessages] node_id=13231466784940191391
[92mINFO [0m:      [Fleet.PullMessages] node_id=13231466784940191391
[92mINFO [0m:      [Fleet.PullMessages] node_id=13231466784940191391
[92mINFO [0m:      [Fleet.PullMessages] node_id=13231466784940191391
[92mINFO [0m:      [Fleet.PullMessages] node_id=13231466784940191391
[92mINFO [0m:      [Fleet.PullMessages] node_id=13231466784940191391
[92mINFO [0m:      [Fleet.PullMessages] node_id=13231466784940191391
[92mINFO [0m:      [Fleet.PullMessages] node_id=13231466784940191391
[92mINFO [0m:      [Fleet.PullMessages] node_id=13231466784940191391
[92mINFO [0m:      [Fleet.PullMessages] node_id=13231466784940191391
[92mINFO [0m:      [Fleet.PullMessages] node_id=13231466784940191391
[92mINFO [0m:      [Fleet.PullMessages] node_id=13231466784940191391
[92mINFO [0m:      [Fleet.PullMessages] node_id=13231466784940191391
[92mINFO [0m:      [Fleet.PullMessages] node_id=13231466784940191391
[92mINFO [0m:      [Fleet.PullMessages] node_id=13231466784940191391
[92mINFO [0m:      [Fleet.PullMessages] node_id=13231466784940191391
[92mINFO [0m:      [Fleet.PullMessages] node_id=13231466784940191391
[92mINFO [0m:      [Fleet.PullMessages] node_id=13231466784940191391
[92mINFO [0m:      [Fleet.PullMessages] node_id=13231466784940191391
[92mINFO [0m:      [Fleet.PullMessages] node_id=13231466784940191391
[92mINFO [0m:      [Fleet.PullMessages] node_id=13231466784940191391
[92mINFO [0m:      [Fleet.PullMessages] node_id=13231466784940191391
[92mINFO [0m:      [Fleet.PullMessages] node_id=13231466784940191391
[92mINFO [0m:      [Fleet.PullMessages] node_id=13231466784940191391
[92mINFO [0m:      [Fleet.PullMessages] node_id=13231466784940191391
[92mINFO [0m:      [Fleet.PullMessages] node_id=13231466784940191391
[92mINFO [0m:      [Fleet.PullMessages] node_id=13231466784940191391
[92mINFO [0m:      [Fleet.PullMessages] node_id=13231466784940191391
[92mINFO [0m:      [Fleet.PullMessages] node_id=13231466784940191391
[92mINFO [0m:      [Fleet.PullMessages] node_id=13231466784940191391
[92mINFO [0m:      [Fleet.PullMessages] node_id=13231466784940191391
[92mINFO [0m:      [Fleet.PullMessages] node_id=13231466784940191391
[92mINFO [0m:      [Fleet.PullMessages] node_id=13231466784940191391
[92mINFO [0m:      [Fleet.PullMessages] node_id=13231466784940191391
[92mINFO [0m:      [Fleet.PullMessages] node_id=13231466784940191391
[92mINFO [0m:      [Fleet.PullMessages] node_id=13231466784940191391
[92mINFO [0m:      [Fleet.PullMessages] node_id=13231466784940191391
[92mINFO [0m:      [Fleet.PullMessages] node_id=13231466784940191391
[92mINFO [0m:      [Fleet.PullMessages] node_id=13231466784940191391
[92mINFO [0m:      [Fleet.PullMessages] node_id=13231466784940191391
[92mINFO [0m:      [Fleet.PullMessages] node_id=13231466784940191391
[92mINFO [0m:      [Fleet.PullMessages] node_id=13231466784940191391
[92mINFO [0m:      [Fleet.PullMessages] node_id=13231466784940191391
[92mINFO [0m:      [Fleet.PullMessages] node_id=13231466784940191391
[92mINFO [0m:      [Fleet.PullMessages] node_id=13231466784940191391
[92mINFO [0m:      [Fleet.PullMessages] node_id=13231466784940191391
[92mINFO [0m:      [Fleet.PullMessages] node_id=13231466784940191391
[92mINFO [0m:      [Fleet.PullMessages] node_id=13231466784940191391
[92mINFO [0m:      [Fleet.PullMessages] node_id=13231466784940191391
[92mINFO [0m:      [Fleet.PullMessages] node_id=13231466784940191391
[92mINFO [0m:      [Fleet.PullMessages] node_id=13231466784940191391
[92mINFO [0m:      [Fleet.PullMessages] node_id=13231466784940191391
[92mINFO [0m:      [Fleet.PullMessages] node_id=13231466784940191391
[92mINFO [0m:      [Fleet.PullMessages] node_id=13231466784940191391
[92mINFO [0m:      [Fleet.PullMessages] node_id=13231466784940191391
[92mINFO [0m:      [Fleet.PullMessages] node_id=13231466784940191391
[92mINFO [0m:      [Fleet.PullMessages] node_id=13231466784940191391
[92mINFO [0m:      [Fleet.PullMessages] node_id=13231466784940191391
[92mINFO [0m:      [Fleet.PullMessages] node_id=13231466784940191391
[92mINFO [0m:      [Fleet.PullMessages] node_id=13231466784940191391
[92mINFO [0m:      [Fleet.PullMessages] node_id=13231466784940191391
[92mINFO [0m:      [Fleet.PullMessages] node_id=13231466784940191391
[92mINFO [0m:      [Fleet.PullMessages] node_id=13231466784940191391
[92mINFO [0m:      [Fleet.PullMessages] node_id=13231466784940191391
[92mINFO [0m:      [Fleet.PullMessages] node_id=13231466784940191391
[92mINFO [0m:      [Fleet.PullMessages] node_id=13231466784940191391
[92mINFO [0m:      [Fleet.PullMessages] node_id=13231466784940191391
[92mINFO [0m:      [Fleet.PullMessages] node_id=13231466784940191391
[92mINFO [0m:      [Fleet.PullMessages] node_id=13231466784940191391
[92mINFO [0m:      [Fleet.PullMessages] node_id=13231466784940191391
[92mINFO [0m:      [Fleet.PullMessages] node_id=13231466784940191391
[92mINFO [0m:      [Fleet.PullMessages] node_id=13231466784940191391
[92mINFO [0m:      [Fleet.PullMessages] node_id=13231466784940191391
[92mINFO [0m:      [Fleet.PullMessages] node_id=13231466784940191391
[92mINFO [0m:      [Fleet.PullMessages] node_id=13231466784940191391
[92mINFO [0m:      [Fleet.PullMessages] node_id=13231466784940191391
[92mINFO [0m:      [Fleet.PullMessages] node_id=13231466784940191391
[92mINFO [0m:      [Fleet.PullMessages] node_id=13231466784940191391
[92mINFO [0m:      [Fleet.PullMessages] node_id=13231466784940191391
[92mINFO [0m:      [Fleet.PullMessages] node_id=13231466784940191391
[92mINFO [0m:      [Fleet.PullMessages] node_id=13231466784940191391
[92mINFO [0m:      [Fleet.PullMessages] node_id=13231466784940191391
[92mINFO [0m:      [Fleet.PullMessages] node_id=13231466784940191391
[92mINFO [0m:      [Fleet.PullMessages] node_id=13231466784940191391
[92mINFO [0m:      [Fleet.PullMessages] node_id=13231466784940191391
[92mINFO [0m:      [Fleet.PullMessages] node_id=13231466784940191391
[92mINFO [0m:      [Fleet.PullMessages] node_id=13231466784940191391
